// Vitest Snapshot v1, https://vitest.dev/guide/snapshot.html

exports[`Form > should display errors 1`] = `
"<form data-v-362c0340="" class="form max-w-md mx-auto mt-8 p-4 bg-white shadow-md rounded">
  <div data-v-362c0340="" class="form-group"><label data-v-362c0340="" for="name" class="text-lg font-semibold">Nome:</label><input data-v-362c0340="" type="text" class="mt-1 p-2 border rounded focus:outline-none focus:ring focus:border-blue-300">
    <!--v-if-->
  </div>
  <div data-v-362c0340="" class="form-group mt-6"><label data-v-362c0340="" for="email" class="text-lg font-semibold">Email:</label><input data-v-362c0340="" type="email" class="mt-1 p-2 border rounded focus:outline-none focus:ring focus:border-blue-300">
    <!--v-if-->
  </div>
  <div data-v-362c0340="" class="mt-6 form-group flex items-center"><input data-v-362c0340="" type="checkbox" id="checkboxOne" class="w-6 h-6 p-1 border border-gray-400 rounded focus:outline-none focus:ring focus:border-blue-300"><label data-v-362c0340="" for="checkboxOne" class="ml-2 text-lg font-semibold">Aceitar Termos</label></div>
  <div data-v-362c0340="" class="mt-6"><button data-v-362c0340="" type="submit" class="py-2 px-4 bg-blue-500 text-white rounded hover:bg-blue-600"> Enviar </button></div>
</form>"
`;

exports[`Form > should render an error message if the name is empty 1`] = `
"<form data-v-362c0340="" class="form max-w-md mx-auto mt-8 p-4 bg-white shadow-md rounded">
  <div data-v-362c0340="" class="form-group"><label data-v-362c0340="" for="name" class="text-lg font-semibold">Nome:</label><input data-v-362c0340="" type="text" class="mt-1 p-2 border rounded focus:outline-none focus:ring focus:border-blue-300">
    <!--v-if-->
  </div>
  <div data-v-362c0340="" class="form-group mt-6"><label data-v-362c0340="" for="email" class="text-lg font-semibold">Email:</label><input data-v-362c0340="" type="email" class="mt-1 p-2 border rounded focus:outline-none focus:ring focus:border-blue-300">
    <!--v-if-->
  </div>
  <div data-v-362c0340="" class="mt-6 form-group flex items-center"><input data-v-362c0340="" type="checkbox" id="checkboxOne" class="w-6 h-6 p-1 border border-gray-400 rounded focus:outline-none focus:ring focus:border-blue-300"><label data-v-362c0340="" for="checkboxOne" class="ml-2 text-lg font-semibold">Aceitar Termos</label></div>
  <div data-v-362c0340="" class="mt-6"><button data-v-362c0340="" type="submit" class="py-2 px-4 bg-blue-500 text-white rounded hover:bg-blue-600"> Enviar </button></div>
</form>"
`;

exports[`Form > should render correctly 1`] = `
"<form data-v-362c0340="" class="form max-w-md mx-auto mt-8 p-4 bg-white shadow-md rounded">
  <div data-v-362c0340="" class="form-group"><label data-v-362c0340="" for="name" class="text-lg font-semibold">Nome:</label><input data-v-362c0340="" type="text" class="mt-1 p-2 border rounded focus:outline-none focus:ring focus:border-blue-300">
    <!--v-if-->
  </div>
  <div data-v-362c0340="" class="form-group mt-6"><label data-v-362c0340="" for="email" class="text-lg font-semibold">Email:</label><input data-v-362c0340="" type="email" class="mt-1 p-2 border rounded focus:outline-none focus:ring focus:border-blue-300">
    <!--v-if-->
  </div>
  <div data-v-362c0340="" class="mt-6 form-group flex items-center"><input data-v-362c0340="" type="checkbox" id="checkboxOne" class="w-6 h-6 p-1 border border-gray-400 rounded focus:outline-none focus:ring focus:border-blue-300"><label data-v-362c0340="" for="checkboxOne" class="ml-2 text-lg font-semibold">Aceitar Termos</label></div>
  <div data-v-362c0340="" class="mt-6"><button data-v-362c0340="" type="submit" class="py-2 px-4 bg-blue-500 text-white rounded hover:bg-blue-600"> Enviar </button></div>
</form>"
`;

exports[`Form > should submit the form 1`] = `
"<form data-v-362c0340="" class="form max-w-md mx-auto mt-8 p-4 bg-white shadow-md rounded">
  <div data-v-362c0340="" class="form-group"><label data-v-362c0340="" for="name" class="text-lg font-semibold">Nome:</label><input data-v-362c0340="" type="text" class="mt-1 p-2 border rounded focus:outline-none focus:ring focus:border-blue-300">
    <!--v-if-->
  </div>
  <div data-v-362c0340="" class="form-group mt-6"><label data-v-362c0340="" for="email" class="text-lg font-semibold">Email:</label><input data-v-362c0340="" type="email" class="mt-1 p-2 border rounded focus:outline-none focus:ring focus:border-blue-300">
    <!--v-if-->
  </div>
  <div data-v-362c0340="" class="mt-6 form-group flex items-center"><input data-v-362c0340="" type="checkbox" id="checkboxOne" class="w-6 h-6 p-1 border border-gray-400 rounded focus:outline-none focus:ring focus:border-blue-300"><label data-v-362c0340="" for="checkboxOne" class="ml-2 text-lg font-semibold">Aceitar Termos</label></div>
  <div data-v-362c0340="" class="mt-6"><button data-v-362c0340="" type="submit" class="py-2 px-4 bg-blue-500 text-white rounded hover:bg-blue-600"> Enviar </button></div>
</form>"
`;
